// Jest Snapshot v1, https://goo.gl/fbAQLP

exports[`Template (System) Errors Responds to toJson as expected 1`] = `
Object {
  "errorClass": "ServerError",
  "errorCode": "UNKNOWN",
  "errorData": Object {
    "data": true,
  },
  "message": "Unknown error",
  "stack": StringContaining "at",
  "status": 500,
}
`;

exports[`Template (System) Errors Works without error code 1`] = `
Object {
  "errorClass": "ServerError",
  "errorCode": "?",
  "errorData": undefined,
  "message": "Server error",
  "stack": StringContaining "at",
  "status": 500,
}
`;

exports[`Template (System) Server Healthz 1`] = `"NOT_OK"`;
