// Jest Snapshot v1, https://goo.gl/fbAQLP

exports[`Hello Hello 1`] = `
Object {
  "hello": "World",
}
`;
